Archive member included to satisfy reference by file (symbol)

c:/program files (x86)/atmel/studio/7.0/toolchain/avr8/avr8-gnu-toolchain/bin/../lib/gcc/avr/5.4.0/avr5\libgcc.a(_exit.o)
                              C:/Program Files (x86)/Atmel/Studio/7.0/Packs/atmel/ATmega_DFP/1.6.364/gcc/dev/atmega32a/avr5/crtatmega32a.o (exit)

Discarded input sections

 .data          0x00000000        0x0 C:/Program Files (x86)/Atmel/Studio/7.0/Packs/atmel/ATmega_DFP/1.6.364/gcc/dev/atmega32a/avr5/crtatmega32a.o
 .bss           0x00000000        0x0 C:/Program Files (x86)/Atmel/Studio/7.0/Packs/atmel/ATmega_DFP/1.6.364/gcc/dev/atmega32a/avr5/crtatmega32a.o
 .text          0x00000000        0x0 APP/APP.o
 .data          0x00000000        0x0 APP/APP.o
 .bss           0x00000000        0x0 APP/APP.o
 .text.app_init
                0x00000000        0x2 APP/APP.o
 .debug_info    0x00000000       0x5c APP/APP.o
 .debug_abbrev  0x00000000       0x39 APP/APP.o
 .debug_aranges
                0x00000000       0x20 APP/APP.o
 .debug_ranges  0x00000000       0x10 APP/APP.o
 .debug_line    0x00000000       0x38 APP/APP.o
 .debug_str     0x00000000      0x13a APP/APP.o
 .comment       0x00000000       0x31 APP/APP.o
 .debug_frame   0x00000000       0x24 APP/APP.o
 .text          0x00000000        0x0 EUCAL/EEPROM/EEPROM_program.o
 .data          0x00000000        0x0 EUCAL/EEPROM/EEPROM_program.o
 .bss           0x00000000        0x0 EUCAL/EEPROM/EEPROM_program.o
 .text.EUEEPROM_voidEEPROMInit
                0x00000000        0x6 EUCAL/EEPROM/EEPROM_program.o
 .text.EUEEPROM_voidEEPROMWriteData
                0x00000000       0x36 EUCAL/EEPROM/EEPROM_program.o
 .text.EUEEPROM_u8EEPROMReadData
                0x00000000       0x56 EUCAL/EEPROM/EEPROM_program.o
 .debug_info    0x00000000      0x22c EUCAL/EEPROM/EEPROM_program.o
 .debug_abbrev  0x00000000       0xdf EUCAL/EEPROM/EEPROM_program.o
 .debug_loc     0x00000000      0x123 EUCAL/EEPROM/EEPROM_program.o
 .debug_aranges
                0x00000000       0x30 EUCAL/EEPROM/EEPROM_program.o
 .debug_ranges  0x00000000       0x20 EUCAL/EEPROM/EEPROM_program.o
 .debug_line    0x00000000      0x137 EUCAL/EEPROM/EEPROM_program.o
 .debug_str     0x00000000      0x2b2 EUCAL/EEPROM/EEPROM_program.o
 .comment       0x00000000       0x31 EUCAL/EEPROM/EEPROM_program.o
 .debug_frame   0x00000000       0x74 EUCAL/EEPROM/EEPROM_program.o
 .text          0x00000000        0x0 main.o
 .data          0x00000000        0x0 main.o
 .bss           0x00000000        0x0 main.o
 .text          0x00000000        0x0 MCAL/DIO/MDIO_program.o
 .data          0x00000000        0x0 MCAL/DIO/MDIO_program.o
 .bss           0x00000000        0x0 MCAL/DIO/MDIO_program.o
 .text.MDIO_voidSetPinDirection
                0x00000000      0x10a MCAL/DIO/MDIO_program.o
 .text.MDIO_voidSetPortDirection
                0x00000000       0x50 MCAL/DIO/MDIO_program.o
 .text.MDIO_voidSetPinValue
                0x00000000      0x10a MCAL/DIO/MDIO_program.o
 .text.MDIO_voidSetPortValue
                0x00000000       0x70 MCAL/DIO/MDIO_program.o
 .text.MDIO_voidGetPinValue
                0x00000000       0x5c MCAL/DIO/MDIO_program.o
 .text.MDIO_voidTogglePin
                0x00000000       0x68 MCAL/DIO/MDIO_program.o
 .debug_info    0x00000000      0x1c3 MCAL/DIO/MDIO_program.o
 .debug_abbrev  0x00000000       0xa9 MCAL/DIO/MDIO_program.o
 .debug_loc     0x00000000      0x3fa MCAL/DIO/MDIO_program.o
 .debug_aranges
                0x00000000       0x48 MCAL/DIO/MDIO_program.o
 .debug_ranges  0x00000000       0x38 MCAL/DIO/MDIO_program.o
 .debug_line    0x00000000      0x2dc MCAL/DIO/MDIO_program.o
 .debug_str     0x00000000      0x206 MCAL/DIO/MDIO_program.o
 .comment       0x00000000       0x31 MCAL/DIO/MDIO_program.o
 .debug_frame   0x00000000       0x74 MCAL/DIO/MDIO_program.o
 .text          0x00000000        0x0 MCAL/I2C/I2C_program.o
 .data          0x00000000        0x0 MCAL/I2C/I2C_program.o
 .bss           0x00000000        0x0 MCAL/I2C/I2C_program.o
 .text.MI2C_voidMasterInit
                0x00000000       0x22 MCAL/I2C/I2C_program.o
 .text.MI2C_voidSlaveInit
                0x00000000       0x1a MCAL/I2C/I2C_program.o
 .text.MI2C_enuSendStartCondition
                0x00000000       0x22 MCAL/I2C/I2C_program.o
 .text.MI2C_enuSendRepeatedStartCondition
                0x00000000       0x22 MCAL/I2C/I2C_program.o
 .text.MI2C_enuSendSlaveAddWithWrite
                0x00000000       0x2c MCAL/I2C/I2C_program.o
 .text.MI2C_enuSendSlaveAddWithRead
                0x00000000       0x26 MCAL/I2C/I2C_program.o
 .text.MI2C_enuMasterSendDataByte
                0x00000000       0x1e MCAL/I2C/I2C_program.o
 .text.MI2C_enuMasterReadDataByte
                0x00000000       0x22 MCAL/I2C/I2C_program.o
 .text.MI2C_voidSendStopCondition
                0x00000000        0xe MCAL/I2C/I2C_program.o
 .text.MI2C_enuSlaveReadDataByte
                0x00000000       0x40 MCAL/I2C/I2C_program.o
 .debug_info    0x00000000      0x26d MCAL/I2C/I2C_program.o
 .debug_abbrev  0x00000000      0x107 MCAL/I2C/I2C_program.o
 .debug_loc     0x00000000      0x192 MCAL/I2C/I2C_program.o
 .debug_aranges
                0x00000000       0x68 MCAL/I2C/I2C_program.o
 .debug_ranges  0x00000000       0x58 MCAL/I2C/I2C_program.o
 .debug_line    0x00000000      0x2d3 MCAL/I2C/I2C_program.o
 .debug_str     0x00000000      0x32a MCAL/I2C/I2C_program.o
 .comment       0x00000000       0x31 MCAL/I2C/I2C_program.o
 .debug_frame   0x00000000       0xb4 MCAL/I2C/I2C_program.o
 .text          0x00000000        0x0 MCAL/SPI/SPI_program.o
 .data          0x00000000        0x0 MCAL/SPI/SPI_program.o
 .bss           0x00000000        0x0 MCAL/SPI/SPI_program.o
 .text.MSPI_voidSPIinit
                0x00000000       0x64 MCAL/SPI/SPI_program.o
 .text.MSPI_voidSPISendChar
                0x00000000       0x22 MCAL/SPI/SPI_program.o
 .text.MSPI_u8SPIReceiveChar
                0x00000000       0x1c MCAL/SPI/SPI_program.o
 .text.MSPI_voidSPISendString
                0x00000000       0x26 MCAL/SPI/SPI_program.o
 .text.MSPI_voidReceiveString
                0x00000000       0x42 MCAL/SPI/SPI_program.o
 .debug_info    0x00000000      0x25a MCAL/SPI/SPI_program.o
 .debug_abbrev  0x00000000       0xe6 MCAL/SPI/SPI_program.o
 .debug_loc     0x00000000      0x18a MCAL/SPI/SPI_program.o
 .debug_aranges
                0x00000000       0x40 MCAL/SPI/SPI_program.o
 .debug_ranges  0x00000000       0x30 MCAL/SPI/SPI_program.o
 .debug_line    0x00000000      0x1c7 MCAL/SPI/SPI_program.o
 .debug_str     0x00000000      0x1fd MCAL/SPI/SPI_program.o
 .comment       0x00000000       0x31 MCAL/SPI/SPI_program.o
 .debug_frame   0x00000000       0x98 MCAL/SPI/SPI_program.o
 .text          0x00000000        0x0 MCAL/UART/UART_program.o
 .data          0x00000000        0x0 MCAL/UART/UART_program.o
 .bss           0x00000000        0x0 MCAL/UART/UART_program.o
 .text.MUSART_voidUsartInit
                0x00000000       0x56 MCAL/UART/UART_program.o
 .text.MUSART_voidUsartSendChar
                0x00000000        0x8 MCAL/UART/UART_program.o
 .text.MUSART_u8UsartReceiveChar
                0x00000000        0x8 MCAL/UART/UART_program.o
 .text.MUSART_voidUsartSendString
                0x00000000       0x26 MCAL/UART/UART_program.o
 .text.MUSART_u8UsartReceiveString
                0x00000000       0x56 MCAL/UART/UART_program.o
 .debug_info    0x00000000      0x15b MCAL/UART/UART_program.o
 .debug_abbrev  0x00000000       0xd5 MCAL/UART/UART_program.o
 .debug_loc     0x00000000      0x1ac MCAL/UART/UART_program.o
 .debug_aranges
                0x00000000       0x40 MCAL/UART/UART_program.o
 .debug_ranges  0x00000000       0x30 MCAL/UART/UART_program.o
 .debug_line    0x00000000      0x191 MCAL/UART/UART_program.o
 .debug_str     0x00000000      0x215 MCAL/UART/UART_program.o
 .comment       0x00000000       0x31 MCAL/UART/UART_program.o
 .debug_frame   0x00000000       0x9c MCAL/UART/UART_program.o
 .text          0x00000000        0x0 c:/program files (x86)/atmel/studio/7.0/toolchain/avr8/avr8-gnu-toolchain/bin/../lib/gcc/avr/5.4.0/avr5\libgcc.a(_exit.o)
 .data          0x00000000        0x0 c:/program files (x86)/atmel/studio/7.0/toolchain/avr8/avr8-gnu-toolchain/bin/../lib/gcc/avr/5.4.0/avr5\libgcc.a(_exit.o)
 .bss           0x00000000        0x0 c:/program files (x86)/atmel/studio/7.0/toolchain/avr8/avr8-gnu-toolchain/bin/../lib/gcc/avr/5.4.0/avr5\libgcc.a(_exit.o)
 .text.libgcc.mul
                0x00000000        0x0 c:/program files (x86)/atmel/studio/7.0/toolchain/avr8/avr8-gnu-toolchain/bin/../lib/gcc/avr/5.4.0/avr5\libgcc.a(_exit.o)
 .text.libgcc.div
                0x00000000        0x0 c:/program files (x86)/atmel/studio/7.0/toolchain/avr8/avr8-gnu-toolchain/bin/../lib/gcc/avr/5.4.0/avr5\libgcc.a(_exit.o)
 .text.libgcc   0x00000000        0x0 c:/program files (x86)/atmel/studio/7.0/toolchain/avr8/avr8-gnu-toolchain/bin/../lib/gcc/avr/5.4.0/avr5\libgcc.a(_exit.o)
 .text.libgcc.prologue
                0x00000000        0x0 c:/program files (x86)/atmel/studio/7.0/toolchain/avr8/avr8-gnu-toolchain/bin/../lib/gcc/avr/5.4.0/avr5\libgcc.a(_exit.o)
 .text.libgcc.builtins
                0x00000000        0x0 c:/program files (x86)/atmel/studio/7.0/toolchain/avr8/avr8-gnu-toolchain/bin/../lib/gcc/avr/5.4.0/avr5\libgcc.a(_exit.o)
 .text.libgcc.fmul
                0x00000000        0x0 c:/program files (x86)/atmel/studio/7.0/toolchain/avr8/avr8-gnu-toolchain/bin/../lib/gcc/avr/5.4.0/avr5\libgcc.a(_exit.o)
 .text.libgcc.fixed
                0x00000000        0x0 c:/program files (x86)/atmel/studio/7.0/toolchain/avr8/avr8-gnu-toolchain/bin/../lib/gcc/avr/5.4.0/avr5\libgcc.a(_exit.o)

Memory Configuration

Name             Origin             Length             Attributes
text             0x00000000         0x00008000         xr
data             0x00800060         0x00000800         rw !x
eeprom           0x00810000         0x00000400         rw !x
fuse             0x00820000         0x00000002         rw !x
lock             0x00830000         0x00000400         rw !x
signature        0x00840000         0x00000400         rw !x
user_signatures  0x00850000         0x00000400         rw !x
*default*        0x00000000         0xffffffff

Linker script and memory map

LOAD C:/Program Files (x86)/Atmel/Studio/7.0/Packs/atmel/ATmega_DFP/1.6.364/gcc/dev/atmega32a/avr5/crtatmega32a.o
LOAD APP/APP.o
LOAD EUCAL/EEPROM/EEPROM_program.o
LOAD main.o
LOAD MCAL/DIO/MDIO_program.o
LOAD MCAL/I2C/I2C_program.o
LOAD MCAL/SPI/SPI_program.o
LOAD MCAL/UART/UART_program.o
START GROUP
LOAD c:/program files (x86)/atmel/studio/7.0/toolchain/avr8/avr8-gnu-toolchain/bin/../lib/gcc/avr/5.4.0/../../../../avr/lib/avr5\libm.a
END GROUP
START GROUP
LOAD c:/program files (x86)/atmel/studio/7.0/toolchain/avr8/avr8-gnu-toolchain/bin/../lib/gcc/avr/5.4.0/avr5\libgcc.a
LOAD c:/program files (x86)/atmel/studio/7.0/toolchain/avr8/avr8-gnu-toolchain/bin/../lib/gcc/avr/5.4.0/../../../../avr/lib/avr5\libm.a
LOAD c:/program files (x86)/atmel/studio/7.0/toolchain/avr8/avr8-gnu-toolchain/bin/../lib/gcc/avr/5.4.0/../../../../avr/lib/avr5\libc.a
LOAD C:/Program Files (x86)/Atmel/Studio/7.0/Packs/atmel/ATmega_DFP/1.6.364/gcc/dev/atmega32a/avr5\libatmega32a.a
END GROUP
                [0x00000000]                __TEXT_REGION_ORIGIN__ = DEFINED (__TEXT_REGION_ORIGIN__)?__TEXT_REGION_ORIGIN__:0x0
                [0x00800060]                __DATA_REGION_ORIGIN__ = DEFINED (__DATA_REGION_ORIGIN__)?__DATA_REGION_ORIGIN__:0x800060
                [0x00008000]                __TEXT_REGION_LENGTH__ = DEFINED (__TEXT_REGION_LENGTH__)?__TEXT_REGION_LENGTH__:0x20000
                [0x00000800]                __DATA_REGION_LENGTH__ = DEFINED (__DATA_REGION_LENGTH__)?__DATA_REGION_LENGTH__:0xffa0
                [0x00000400]                __EEPROM_REGION_LENGTH__ = DEFINED (__EEPROM_REGION_LENGTH__)?__EEPROM_REGION_LENGTH__:0x10000
                [0x00000002]                __FUSE_REGION_LENGTH__ = DEFINED (__FUSE_REGION_LENGTH__)?__FUSE_REGION_LENGTH__:0x400
                0x00000400                __LOCK_REGION_LENGTH__ = DEFINED (__LOCK_REGION_LENGTH__)?__LOCK_REGION_LENGTH__:0x400
                0x00000400                __SIGNATURE_REGION_LENGTH__ = DEFINED (__SIGNATURE_REGION_LENGTH__)?__SIGNATURE_REGION_LENGTH__:0x400
                0x00000400                __USER_SIGNATURE_REGION_LENGTH__ = DEFINED (__USER_SIGNATURE_REGION_LENGTH__)?__USER_SIGNATURE_REGION_LENGTH__:0x400

.hash
 *(.hash)

.dynsym
 *(.dynsym)

.dynstr
 *(.dynstr)

.gnu.version
 *(.gnu.version)

.gnu.version_d
 *(.gnu.version_d)

.gnu.version_r
 *(.gnu.version_r)

.rel.init
 *(.rel.init)

.rela.init
 *(.rela.init)

.rel.text
 *(.rel.text)
 *(.rel.text.*)
 *(.rel.gnu.linkonce.t*)

.rela.text
 *(.rela.text)
 *(.rela.text.*)
 *(.rela.gnu.linkonce.t*)

.rel.fini
 *(.rel.fini)

.rela.fini
 *(.rela.fini)

.rel.rodata
 *(.rel.rodata)
 *(.rel.rodata.*)
 *(.rel.gnu.linkonce.r*)

.rela.rodata
 *(.rela.rodata)
 *(.rela.rodata.*)
 *(.rela.gnu.linkonce.r*)

.rel.data
 *(.rel.data)
 *(.rel.data.*)
 *(.rel.gnu.linkonce.d*)

.rela.data
 *(.rela.data)
 *(.rela.data.*)
 *(.rela.gnu.linkonce.d*)

.rel.ctors
 *(.rel.ctors)

.rela.ctors
 *(.rela.ctors)

.rel.dtors
 *(.rel.dtors)

.rela.dtors
 *(.rela.dtors)

.rel.got
 *(.rel.got)

.rela.got
 *(.rela.got)

.rel.bss
 *(.rel.bss)

.rela.bss
 *(.rela.bss)

.rel.plt
 *(.rel.plt)

.rela.plt
 *(.rela.plt)

.text           0x00000000       0x72
 *(.vectors)
 .vectors       0x00000000       0x54 C:/Program Files (x86)/Atmel/Studio/7.0/Packs/atmel/ATmega_DFP/1.6.364/gcc/dev/atmega32a/avr5/crtatmega32a.o
                0x00000000                __vector_default
                0x00000000                __vectors
 *(.vectors)
 *(.progmem.gcc*)
                0x00000054                . = ALIGN (0x2)
                0x00000054                __trampolines_start = .
 *(.trampolines)
 .trampolines   0x00000054        0x0 linker stubs
 *(.trampolines*)
                0x00000054                __trampolines_end = .
 *libprintf_flt.a:*(.progmem.data)
 *libc.a:*(.progmem.data)
 *(.progmem*)
                0x00000054                . = ALIGN (0x2)
 *(.jumptables)
 *(.jumptables*)
 *(.lowtext)
 *(.lowtext*)
                0x00000054                __ctors_start = .
 *(.ctors)
                0x00000054                __ctors_end = .
                0x00000054                __dtors_start = .
 *(.dtors)
                0x00000054                __dtors_end = .
 SORT(*)(.ctors)
 SORT(*)(.dtors)
 *(.init0)
 .init0         0x00000054        0x0 C:/Program Files (x86)/Atmel/Studio/7.0/Packs/atmel/ATmega_DFP/1.6.364/gcc/dev/atmega32a/avr5/crtatmega32a.o
                0x00000054                __init
 *(.init0)
 *(.init1)
 *(.init1)
 *(.init2)
 .init2         0x00000054        0xc C:/Program Files (x86)/Atmel/Studio/7.0/Packs/atmel/ATmega_DFP/1.6.364/gcc/dev/atmega32a/avr5/crtatmega32a.o
 *(.init2)
 *(.init3)
 *(.init3)
 *(.init4)
 *(.init4)
 *(.init5)
 *(.init5)
 *(.init6)
 *(.init6)
 *(.init7)
 *(.init7)
 *(.init8)
 *(.init8)
 *(.init9)
 .init9         0x00000060        0x8 C:/Program Files (x86)/Atmel/Studio/7.0/Packs/atmel/ATmega_DFP/1.6.364/gcc/dev/atmega32a/avr5/crtatmega32a.o
 *(.init9)
 *(.text)
 .text          0x00000068        0x4 C:/Program Files (x86)/Atmel/Studio/7.0/Packs/atmel/ATmega_DFP/1.6.364/gcc/dev/atmega32a/avr5/crtatmega32a.o
                0x00000068                __vector_1
                0x00000068                __vector_12
                0x00000068                __bad_interrupt
                0x00000068                __vector_6
                0x00000068                __vector_3
                0x00000068                __vector_11
                0x00000068                __vector_13
                0x00000068                __vector_17
                0x00000068                __vector_19
                0x00000068                __vector_7
                0x00000068                __vector_5
                0x00000068                __vector_4
                0x00000068                __vector_9
                0x00000068                __vector_2
                0x00000068                __vector_15
                0x00000068                __vector_8
                0x00000068                __vector_14
                0x00000068                __vector_10
                0x00000068                __vector_16
                0x00000068                __vector_18
                0x00000068                __vector_20
                0x0000006c                . = ALIGN (0x2)
 *(.text.*)
 .text.main     0x0000006c        0x2 main.o
                0x0000006c                main
                0x0000006e                . = ALIGN (0x2)
 *(.fini9)
 .fini9         0x0000006e        0x0 c:/program files (x86)/atmel/studio/7.0/toolchain/avr8/avr8-gnu-toolchain/bin/../lib/gcc/avr/5.4.0/avr5\libgcc.a(_exit.o)
                0x0000006e                _exit
                0x0000006e                exit
 *(.fini9)
 *(.fini8)
 *(.fini8)
 *(.fini7)
 *(.fini7)
 *(.fini6)
 *(.fini6)
 *(.fini5)
 *(.fini5)
 *(.fini4)
 *(.fini4)
 *(.fini3)
 *(.fini3)
 *(.fini2)
 *(.fini2)
 *(.fini1)
 *(.fini1)
 *(.fini0)
 .fini0         0x0000006e        0x4 c:/program files (x86)/atmel/studio/7.0/toolchain/avr8/avr8-gnu-toolchain/bin/../lib/gcc/avr/5.4.0/avr5\libgcc.a(_exit.o)
 *(.fini0)
                0x00000072                _etext = .

.data           0x00800060        0x0 load address 0x00000072
                [!provide]                PROVIDE (__data_start, .)
 *(.data)
 *(.data*)
 *(.gnu.linkonce.d*)
 *(.rodata)
 *(.rodata*)
 *(.gnu.linkonce.r*)
                0x00800060                . = ALIGN (0x2)
                0x00800060                _edata = .
                [!provide]                PROVIDE (__data_end, .)

.bss            0x00800060        0x0
                [!provide]                PROVIDE (__bss_start, .)
 *(.bss)
 *(.bss*)
 *(COMMON)
                [!provide]                PROVIDE (__bss_end, .)
                0x00000072                __data_load_start = LOADADDR (.data)
                0x00000072                __data_load_end = (__data_load_start + SIZEOF (.data))

.noinit         0x00800060        0x0
                [!provide]                PROVIDE (__noinit_start, .)
 *(.noinit*)
                [!provide]                PROVIDE (__noinit_end, .)
                0x00800060                _end = .
                [!provide]                PROVIDE (__heap_start, .)

.eeprom         0x00810000        0x0
 *(.eeprom*)
                0x00810000                __eeprom_end = .

.fuse
 *(.fuse)
 *(.lfuse)
 *(.hfuse)
 *(.efuse)

.lock
 *(.lock*)

.signature
 *(.signature*)

.user_signatures
 *(.user_signatures*)

.stab
 *(.stab)

.stabstr
 *(.stabstr)

.stab.excl
 *(.stab.excl)

.stab.exclstr
 *(.stab.exclstr)

.stab.index
 *(.stab.index)

.stab.indexstr
 *(.stab.indexstr)

.comment        0x00000000       0x30
 *(.comment)
 .comment       0x00000000       0x30 main.o
                                 0x31 (size before relaxing)

.note.gnu.avr.deviceinfo
                0x00000000       0x3c
 .note.gnu.avr.deviceinfo
                0x00000000       0x3c C:/Program Files (x86)/Atmel/Studio/7.0/Packs/atmel/ATmega_DFP/1.6.364/gcc/dev/atmega32a/avr5/crtatmega32a.o

.note.gnu.build-id
 *(.note.gnu.build-id)

.debug
 *(.debug)

.line
 *(.line)

.debug_srcinfo
 *(.debug_srcinfo)

.debug_sfnames
 *(.debug_sfnames)

.debug_aranges  0x00000000       0x20
 *(.debug_aranges)
 .debug_aranges
                0x00000000       0x20 main.o

.debug_pubnames
 *(.debug_pubnames)

.debug_info     0x00000000      0x54e
 *(.debug_info .gnu.linkonce.wi.*)
 .debug_info    0x00000000      0x4e6 C:/Program Files (x86)/Atmel/Studio/7.0/Packs/atmel/ATmega_DFP/1.6.364/gcc/dev/atmega32a/avr5/crtatmega32a.o
 .debug_info    0x000004e6       0x68 main.o

.debug_abbrev   0x00000000      0x4ec
 *(.debug_abbrev)
 .debug_abbrev  0x00000000      0x4a3 C:/Program Files (x86)/Atmel/Studio/7.0/Packs/atmel/ATmega_DFP/1.6.364/gcc/dev/atmega32a/avr5/crtatmega32a.o
 .debug_abbrev  0x000004a3       0x49 main.o

.debug_line     0x00000000      0x14f
 *(.debug_line .debug_line.* .debug_line_end)
 .debug_line    0x00000000      0x116 C:/Program Files (x86)/Atmel/Studio/7.0/Packs/atmel/ATmega_DFP/1.6.364/gcc/dev/atmega32a/avr5/crtatmega32a.o
 .debug_line    0x00000116       0x39 main.o

.debug_frame    0x00000000       0x24
 *(.debug_frame)
 .debug_frame   0x00000000       0x24 main.o

.debug_str      0x00000000      0x2bf
 *(.debug_str)
 .debug_str     0x00000000      0x196 C:/Program Files (x86)/Atmel/Studio/7.0/Packs/atmel/ATmega_DFP/1.6.364/gcc/dev/atmega32a/avr5/crtatmega32a.o
 .debug_str     0x00000196      0x129 main.o
                                0x135 (size before relaxing)

.debug_loc
 *(.debug_loc)

.debug_macinfo
 *(.debug_macinfo)

.debug_weaknames
 *(.debug_weaknames)

.debug_funcnames
 *(.debug_funcnames)

.debug_typenames
 *(.debug_typenames)

.debug_varnames
 *(.debug_varnames)

.debug_pubtypes
 *(.debug_pubtypes)

.debug_ranges   0x00000000       0x10
 *(.debug_ranges)
 .debug_ranges  0x00000000       0x10 main.o

.debug_macro
 *(.debug_macro)
OUTPUT(CARD.elf elf32-avr)
LOAD linker stubs
